Microchip MPLAB XC8 Compiler V2.32

Linker command line:

-W-3 --edf=C:\Program Files\Microchip\xc8\v2.32\pic\dat\en_msgs.txt -cn \
  -h+dist/default/production\atividade1.X.production.sym \
  --cmf=dist/default/production\atividade1.X.production.cmf -z -Q18F4520 \
  -oC:\Users\lucas\AppData\Local\Temp\xcAsf94.4 --defsym=__MPLAB_BUILD=1 \
  -Mdist/default/production/atividade1.X.production.map -E1 \
  -ver=XC8 Compiler --acfsm=1493 -ASTACK=080h-05FFh -pstack=STACK \
  -ACODE=00h-07FFFh -ACONST=00h-07FFFh -ASMALLCONST=0600h-06FFhx122 \
  -AMEDIUMCONST=0600h-07FFFh -ACOMRAM=01h-07Fh -AABS1=00h-05FFh \
  -ABIGRAM=01h-05FFh -ARAM=080h-0FFh,0100h-01FFhx5 -ABANK0=080h-0FFh \
  -ABANK1=0100h-01FFh -ABANK2=0200h-02FFh -ABANK3=0300h-03FFh \
  -ABANK4=0400h-04FFh -ABANK5=0500h-05FFh -ASFR=0F80h-0FFFh \
  -ACONFIG=0300000h-030000Dh -AIDLOC=0200000h-0200007h \
  -AEEDATA=0F00000h-0F000FFh -peeprom_data=EEDATA \
  -preset_vec=00h,intcode,intcodelo,powerup,init -pramtop=0600h \
  -psmallconst=SMALLCONST -pmediumconst=MEDIUMCONST -pconst=CONST \
  -AFARRAM=00h-00h \
  -prdata=COMRAM,nvrram=COMRAM,nvbit=COMRAM,rbss=COMRAM,rbit=COMRAM \
  -pfarbss=FARRAM,fardata=FARRAM,nvFARRAM=FARRAM \
  -pintsave_regs=BIGRAM,bigbss=BIGRAM,bigdata=BIGRAM -pbss=RAM \
  -pidata=CODE,irdata=CODE,ibigdata=CODE,ifardata=CODE -prparam=COMRAM \
  C:\Users\lucas\AppData\Local\Temp\xcAsf94.o \
  dist/default/production\atividade1.X.production.o 

Object code version is 3.11

Machine type is 18F4520



                Name                               Link     Load   Length Selector   Space Scale
C:\Users\lucas\AppData\Local\Temp\xcAsf94.o
                idloc                            200000   200000        8        0       5
                config                           300000   300000        E        0       4
                init                                  0        0        4        0       0
dist/default/production\atividade1.X.production.o
                idloc                            200000   200000        8        0       5
                config                           300000   300000        E        0       4
                text15                             77EE     77EE        2     3BF7       0
                text14                             7B64     7B64      24E     3DB2       0
                text13                             7970     7970       42     3CB8       0
                text12                             78AE     78AE       2A     3C57       0
                text11                             78D8     78D8       2A     3C6C       0
                text10                             79B2     79B2       4E     3CD9       0
                text9                              7A56     7A56       5A     3D2B       0
                text8                              7800     7800       1E     3C00       0
                text7                              7902     7902       30     3C81       0
                text6                              781E     781E       1E     3C0F       0
                text5                              783C     783C       26     3C1E       0
                text4                              7DB2     7DB2      24E     3ED9       0
                text3                              7932     7932       3E     3C99       0
                text2                              7AB0     7AB0       B4     3D58       0
                text1                              7A00     7A00       56     3D00       0
                text0                              7862     7862       26     3C31       0
                cstackCOMRAM                          1        1       22        1       1
                dataCOMRAM                           23       23       10        1       1
                cinit                              7888     7888       26     3C44       0
                idataCOMRAM                        77F0     77F0       10     77F0       0

TOTAL           Name                               Link     Load   Length     Space
        CLASS   STACK          

        CLASS   CODE           
                init                                  0        0        4         0
                text15                             77EE     77EE        2         0
                text14                             7B64     7B64      24E         0
                text13                             7970     7970       42         0
                text12                             78AE     78AE       2A         0
                text11                             78D8     78D8       2A         0
                text10                             79B2     79B2       4E         0
                text9                              7A56     7A56       5A         0
                text8                              7800     7800       1E         0
                text7                              7902     7902       30         0
                text6                              781E     781E       1E         0
                text5                              783C     783C       26         0
                text4                              7DB2     7DB2      24E         0
                text3                              7932     7932       3E         0
                text2                              7AB0     7AB0       B4         0
                text1                              7A00     7A00       56         0
                text0                              7862     7862       26         0
                cinit                              7888     7888       26         0
                idataCOMRAM                        77F0     77F0       10         0

        CLASS   CONST          

        CLASS   SMALLCONST     

        CLASS   MEDIUMCONST    

        CLASS   COMRAM         
                cstackCOMRAM                          1        1       22         1
                dataCOMRAM                           23       23       10         1

        CLASS   ABS1           

        CLASS   BIGRAM         

        CLASS   RAM            

        CLASS   BANK0          

        CLASS   BANK1          

        CLASS   BANK2          

        CLASS   BANK3          

        CLASS   BANK4          

        CLASS   BANK5          

        CLASS   SFR            

        CLASS   CONFIG         
                config                           300000   300000        E         4

        CLASS   IDLOC          
                idloc                            200000   200000        8         5

        CLASS   EEDATA         

        CLASS   FARRAM         



SEGMENTS        Name                           Load    Length   Top    Selector   Space  Class

                reset_vec                      000000  000004  000004         0       0  CODE    
                cstackCOMRAM                   000001  000032  000033         1       1  COMRAM  
                text15                         0077EE  000002  0077F0      3BF7       0  CODE    
                idataCOMRAM                    0077F0  000010  007800      77F0       0  CODE    
                text8                          007800  00001E  00781E      3C00       0  CODE    
                text6                          00781E  00001E  00783C      3C0F       0  CODE    
                text5                          00783C  000026  007862      3C1E       0  CODE    
                text0                          007862  000026  007888      3C31       0  CODE    
                cinit                          007888  000026  0078AE      3C44       0  CODE    
                text12                         0078AE  00002A  0078D8      3C57       0  CODE    
                text11                         0078D8  00002A  007902      3C6C       0  CODE    
                text7                          007902  000030  007932      3C81       0  CODE    
                text3                          007932  00003E  007970      3C99       0  CODE    
                text13                         007970  000042  0079B2      3CB8       0  CODE    
                text10                         0079B2  00004E  007A00      3CD9       0  CODE    
                text1                          007A00  000056  007A56      3D00       0  CODE    
                text9                          007A56  00005A  007AB0      3D2B       0  CODE    
                text2                          007AB0  0000B4  007B64      3D58       0  CODE    
                text14                         007B64  00024E  007DB2      3DB2       0  CODE    
                text4                          007DB2  00024E  008000      3ED9       0  CODE    


UNUSED ADDRESS RANGES

        Name                Unused          Largest block    Delta
        BANK0            000080-0000FF               80
        BANK1            000100-0001FF              100
        BANK2            000200-0002FF              100
        BANK3            000300-0003FF              100
        BANK4            000400-0004FF              100
        BANK5            000500-0005FF              100
        BIGRAM           000033-0005FF              5CD
        CODE             000004-0077ED             77EA
        COMRAM           000033-00007F               4D
        CONST            000004-0077ED             77EA
        EEDATA           F00000-F000FF              100
        MEDIUMCONST      000600-0077ED             71EE
        RAM              000080-0005FF              100
        SFR              000F80-000FFF               80
        SMALLCONST       000600-0077ED              100
        STACK            000080-0005FF              580

                                  Symbol Table

_PORTA                   (abs)        000F80
_PORTB                   (abs)        000F81
_PORTC                   (abs)        000F82
_PORTD                   (abs)        000F83
_PORTE                   (abs)        000F84
_PulseClockData          text12       0078AE
_PulseEnClock            text11       0078D8
_TRISA                   (abs)        000F92
_TRISB                   (abs)        000F93
_TRISC                   (abs)        000F94
_TRISD                   (abs)        000F95
_TRISE                   (abs)        000F96
__HRAM                   (abs)        000000
__Habs1                  abs1         000000
__Hbank0                 bank0        000000
__Hbank1                 bank1        000000
__Hbank2                 bank2        000000
__Hbank3                 bank3        000000
__Hbank4                 bank4        000000
__Hbank5                 bank5        000000
__Hbigbss                bigbss       000000
__Hbigdata               bigdata      000000
__Hbigram                bigram       000000
__Hbss                   bss          000000
__Hcinit                 cinit        000000
__Hclrtext               clrtext      000000
__Hcomram                comram       000000
__Hconfig                config       30000E
__Hconst                 const        000000
__HcstackCOMRAM          cstackCOMRAM 000000
__Hdata                  data         000000
__HdataCOMRAM            dataCOMRAM   000000
__Heeprom_data           eeprom_data  000000
__Hfarbss                farbss       000000
__Hfardata               fardata      000000
__Hibigdata              ibigdata     000000
__Hidata                 idata        000000
__HidataCOMRAM           idataCOMRAM  000000
__Hidloc                 idloc        200008
__Hifardata              ifardata     000000
__Hinit                  init         000004
__Hintcode               intcode      000000
__Hintcode_body          intcode_body 000000
__Hintcodelo             intcodelo    000000
__Hintentry              intentry     000000
__Hintret                intret       000000
__Hintsave_regs          intsave_regs 000000
__Hirdata                irdata       000000
__Hmediumconst           mediumconst  000000
__HnvFARRAM              nvFARRAM     000000
__Hnvbit                 nvbit        000000
__Hnvrram                nvrram       000000
__Hparam                 rparam       000000
__Hpowerup               powerup      000000
__Hram                   ram          000000
__Hramtop                ramtop       000600
__Hrbit                  rbit         000000
__Hrbss                  rbss         000000
__Hrdata                 rdata        000000
__Hreset_vec             reset_vec    000000
__Hrparam                rparam       000000
__Hsfr                   sfr          000000
__Hsmallconst            smallconst   000000
__Hspace_0               (abs)        008000
__Hspace_1               (abs)        000033
__Hspace_2               (abs)        000000
__Hspace_4               (abs)        60000E
__Hstack                 stack        000000
__Hstruct                struct       000000
__Htemp                  temp         000000
__Htext                  text         000000
__Htext0                 text0        000000
__Htext1                 text1        000000
__Htext10                text10       000000
__Htext11                text11       000000
__Htext12                text12       000000
__Htext13                text13       000000
__Htext14                text14       000000
__Htext15                text15       000000
__Htext2                 text2        000000
__Htext3                 text3        000000
__Htext4                 text4        000000
__Htext5                 text5        000000
__Htext6                 text6        000000
__Htext7                 text7        000000
__Htext8                 text8        000000
__Htext9                 text9        000000
__LRAM                   (abs)        000001
__Labs1                  abs1         000000
__Lbank0                 bank0        000000
__Lbank1                 bank1        000000
__Lbank2                 bank2        000000
__Lbank3                 bank3        000000
__Lbank4                 bank4        000000
__Lbank5                 bank5        000000
__Lbigbss                bigbss       000000
__Lbigdata               bigdata      000000
__Lbigram                bigram       000000
__Lbss                   bss          000000
__Lcinit                 cinit        000000
__Lclrtext               clrtext      000000
__Lcomram                comram       000000
__Lconfig                config       000000
__Lconst                 const        000000
__LcstackCOMRAM          cstackCOMRAM 000000
__Ldata                  data         000000
__LdataCOMRAM            dataCOMRAM   000000
__Leeprom_data           eeprom_data  000000
__Lfarbss                farbss       000000
__Lfardata               fardata      000000
__Libigdata              ibigdata     000000
__Lidata                 idata        000000
__LidataCOMRAM           idataCOMRAM  000000
__Lidloc                 idloc        000000
__Lifardata              ifardata     000000
__Linit                  init         000000
__Lintcode               intcode      000000
__Lintcode_body          intcode_body 000000
__Lintcodelo             intcodelo    000000
__Lintentry              intentry     000000
__Lintret                intret       000000
__Lintsave_regs          intsave_regs 000000
__Lirdata                irdata       000000
__Lmediumconst           mediumconst  000000
__LnvFARRAM              nvFARRAM     000000
__Lnvbit                 nvbit        000000
__Lnvrram                nvrram       000000
__Lparam                 rparam       000000
__Lpowerup               powerup      000000
__Lram                   ram          000000
__Lramtop                ramtop       000600
__Lrbit                  rbit         000000
__Lrbss                  rbss         000000
__Lrdata                 rdata        000000
__Lreset_vec             reset_vec    000000
__Lrparam                rparam       000000
__Lsfr                   sfr          000000
__Lsmallconst            smallconst   000000
__Lspace_0               (abs)        000000
__Lspace_1               (abs)        000000
__Lspace_2               (abs)        000000
__Lspace_4               (abs)        000000
__Lstack                 stack        000000
__Lstruct                struct       000000
__Ltemp                  temp         000000
__Ltext                  text         000000
__Ltext0                 text0        000000
__Ltext1                 text1        000000
__Ltext10                text10       000000
__Ltext11                text11       000000
__Ltext12                text12       000000
__Ltext13                text13       000000
__Ltext14                text14       000000
__Ltext15                text15       000000
__Ltext2                 text2        000000
__Ltext3                 text3        000000
__Ltext4                 text4        000000
__Ltext5                 text5        000000
__Ltext6                 text6        000000
__Ltext7                 text7        000000
__Ltext8                 text8        000000
__Ltext9                 text9        000000
__S0                     (abs)        008000
__S1                     (abs)        000033
__S2                     (abs)        000000
__S4                     (abs)        000000
__S5                     (abs)        000000
___inthi_sp              stack        000000
___intlo_sp              stack        000000
___param_bank            (abs)        000000
___rparam_used           (abs)        000001
___sp                    stack        000000
__accesstop              (abs)        000080
__activetblptr           (abs)        000000
__end_of_PulseClockData  text12       0078D8
__end_of_PulseEnClock    text11       007902
__end_of__initialization cinit        0078A8
__end_of_delayMicro      text15       0077F0
__end_of_delayMili       text7        007932
__end_of_digitalWrite    text14       007DB2
__end_of_lcdChar         text8        00781E
__end_of_lcdCommand      text6        00783C
__end_of_lcdInit         text2        007B64
__end_of_main            text0        007888
__end_of_pinMode         text4        008000
__end_of_printf          text1        007A56
__end_of_pulseEnablePin  text13       0079B2
__end_of_pushByte        text9        007AB0
__end_of_pushNibble      text5        007862
__end_of_soInit          text3        007970
__end_of_soWrite         text10       007A00
__initialization         cinit        007888
__mediumconst            mediumconst  000000
__pcinit                 cinit        007888
__pcstackCOMRAM          cstackCOMRAM 000001
__pdataCOMRAM            dataCOMRAM   000023
__pidataCOMRAM           idataCOMRAM  0077F0
__ptext0                 text0        007862
__ptext1                 text1        007A00
__ptext10                text10       0079B2
__ptext11                text11       0078D8
__ptext12                text12       0078AE
__ptext13                text13       007970
__ptext14                text14       007B64
__ptext15                text15       0077EE
__ptext2                 text2        007AB0
__ptext3                 text3        007932
__ptext4                 text4        007DB2
__ptext5                 text5        00783C
__ptext6                 text6        00781E
__ptext7                 text7        007902
__ptext8                 text8        007800
__ptext9                 text9        007A56
__ramtop                 ramtop       000600
__size_of_PulseClockData (abs)        000000
__size_of_PulseEnClock   (abs)        000000
__size_of_delayMicro     (abs)        000000
__size_of_delayMili      (abs)        000000
__size_of_digitalWrite   (abs)        000000
__size_of_lcdChar        (abs)        000000
__size_of_lcdCommand     (abs)        000000
__size_of_lcdInit        (abs)        000000
__size_of_main           (abs)        000000
__size_of_pinMode        (abs)        000000
__size_of_printf         (abs)        000000
__size_of_pulseEnablePin (abs)        000000
__size_of_pushByte       (abs)        000000
__size_of_pushNibble     (abs)        000000
__size_of_soInit         (abs)        000000
__size_of_soWrite        (abs)        000000
__smallconst             smallconst   000000
_delayMicro              text15       0077EE
_delayMili               text7        007902
_digitalWrite            text14       007B64
_lcdChar                 text8        007800
_lcdCommand              text6        00781E
_lcdInit                 text2        007AB0
_main                    text0        007862
_pinMode                 text4        007DB2
_printf                  text1        007A00
_pulseEnablePin          text13       007970
_pushByte                text9        007A56
_pushNibble              text5        00783C
_soInit                  text3        007932
_soWrite                 text10       0079B2
delayMicro@a             cstackCOMRAM 000001
delayMili@a              cstackCOMRAM 000001
delayMili@i              cstackCOMRAM 000004
digitalWrite@pin         cstackCOMRAM 000001
digitalWrite@value       cstackCOMRAM 000003
end_of_initialization    cinit        0078A8
intlevel0                text         000000
intlevel1                text         000000
intlevel2                text         000000
intlevel3                text         000000
isa$std                  (abs)        000001
isa$xinst                (abs)        000000
lcdChar@value            cstackCOMRAM 00000E
lcdCommand@value         cstackCOMRAM 00000E
main@F5                  dataCOMRAM   000023
main@msg                 cstackCOMRAM 000013
pinMode@pin              cstackCOMRAM 000001
pinMode@type             cstackCOMRAM 000003
printf@i                 cstackCOMRAM 000012
printf@msg               cstackCOMRAM 00000F
pushByte@rs              cstackCOMRAM 00000A
pushByte@value           cstackCOMRAM 00000D
pushNibble@rs            cstackCOMRAM 00000A
pushNibble@value         cstackCOMRAM 00000C
soWrite@i                cstackCOMRAM 000009
soWrite@value            cstackCOMRAM 000007
stackhi                  (abs)        0005FF
stacklo                  (abs)        000080
start                    init         000000
start_initialization     cinit        007888


MODULE INFORMATION

Module		Function		Class		Link	Load	Size
so.c
		_soInit        		CODE           	7932	0000	62
		_soWrite       		CODE           	79B2	0000	78
		_PulseEnClock  		CODE           	78D8	0000	42
		_PulseClockData		CODE           	78AE	0000	42

so.c estimated size: 224

io.c
		_digitalWrite  		CODE           	7B64	0000	590
		_pinMode       		CODE           	7DB2	0000	590

io.c estimated size: 1180

shared
		__initialization		CODE           	7888	0000	32

shared estimated size: 32

stdio.c
		_printf        		CODE           	7A00	0000	86

stdio.c estimated size: 86

lcd.c
		_lcdCommand    		CODE           	781E	0000	30
		_lcdChar       		CODE           	7800	0000	30
		_pulseEnablePin		CODE           	7970	0000	66
		_pushByte      		CODE           	7A56	0000	90
		_pushNibble    		CODE           	783C	0000	38
		_lcdInit       		CODE           	7AB0	0000	180
		_delayMili     		CODE           	7902	0000	48
		_delayMicro    		CODE           	77EE	0000	2

lcd.c estimated size: 484

main.c
		_main          		CODE           	7862	0000	38

main.c estimated size: 38

